3 4
0  1  2  3  
4  5  6  7  
8  9  10  11  
4 5
1  2  3  4  5  
2  3  4  5  6  
3  4  5  6  7  
4  5  6  7  8  
3 5
20  26  32  38  44  
60  82  104  126  148  
100  138  176  214  252  
